{
    "description": "Paginated set of `PaginatorTypeToSchemaTest_Resource`",
    "content": {
        "application\/json": {
            "schema": {
                "type": "object",
                "properties": {
                    "data": {
                        "type": "array",
                        "items": {
                            "$ref": "#\/components\/schemas\/PaginatorTypeToSchemaTest_Resource"
                        }
                    },
                    "links": {
                        "type": "object",
                        "properties": {
                            "first": {
                                "type": [
                                    "string",
                                    "null"
                                ]
                            },
                            "last": {
                                "type": [
                                    "string",
                                    "null"
                                ]
                            },
                            "prev": {
                                "type": [
                                    "string",
                                    "null"
                                ]
                            },
                            "next": {
                                "type": [
                                    "string",
                                    "null"
                                ]
                            }
                        },
                        "required": [
                            "first",
                            "last",
                            "prev",
                            "next"
                        ]
                    },
                    "meta": {
                        "type": "object",
                        "properties": {
                            "current_page": {
                                "type": "integer"
                            },
                            "from": {
                                "type": [
                                    "integer",
                                    "null"
                                ]
                            },
                            "path": {
                                "type": [
                                    "string",
                                    "null"
                                ],
                                "description": "Base path for paginator generated URLs."
                            },
                            "per_page": {
                                "type": "integer",
                                "description": "Number of items shown per page."
                            },
                            "to": {
                                "type": [
                                    "integer",
                                    "null"
                                ],
                                "description": "Number of the last item in the slice."
                            }
                        },
                        "required": [
                            "current_page",
                            "from",
                            "path",
                            "per_page",
                            "to"
                        ]
                    }
                },
                "required": [
                    "data",
                    "links",
                    "meta"
                ]
            }
        }
    }
}